// Jest Snapshot v1, https://goo.gl/fbAQLP

exports[`LogBoxInspectorStackFrame should render null for empty stack frames 1`] = `null`;

exports[`LogBoxInspectorStackFrame should render stack frames with 1 frame collapsed 1`] = `
<LogBoxInspectorSection
  action={
    <LogBoxInspectorSourceMapStatus
      onPress={[Function]}
      status="NONE"
    />
  }
  heading="Call Stack"
>
  <StackFrameList
    list={
      Array [
        Object {
          "collapse": false,
          "column": 1,
          "file": "dependency.js",
          "lineNumber": 1,
          "methodName": "foo",
        },
      ]
    }
    status="NONE"
  />
  <StackFrameFooter
    message="See 1 more frame"
    onPress={[Function]}
  />
</LogBoxInspectorSection>
`;
