// Jest Snapshot v1, https://goo.gl/fbAQLP

exports[`LogBoxInspectorReactFrames should render componentStack frames 1`] = `
<View
  style={
    Object {
      "marginTop": 15,
    }
  }
>
  <View
    style={
      Object {
        "alignItems": "center",
        "flexDirection": "row",
        "marginBottom": 10,
        "paddingHorizontal": 12,
      }
    }
  >
    <Text
      style={
        Object {
          "color": "rgba(255, 255, 255, 1)",
          "flex": 1,
          "fontSize": 20,
          "fontWeight": "600",
          "includeFontPadding": false,
          "lineHeight": 20,
        }
      }
    >
      React
    </Text>
  </View>
  <View
    style={
      Object {
        "paddingBottom": 10,
      }
    }
  >
    <View
      style={
        Object {
          "paddingHorizontal": 25,
          "paddingVertical": 4,
        }
      }
    >
      <Text
        style={
          Object {
            "color": "rgba(255, 255, 255, 1)",
            "fontSize": 14,
            "includeFontPadding": false,
            "lineHeight": 18,
          }
        }
      >
        MyComponent
      </Text>
      <Text
        style={
          Object {
            "color": "rgba(255, 255, 255, 0.7)",
            "fontSize": 12,
            "fontWeight": "300",
            "includeFontPadding": false,
            "lineHeight": 16,
            "paddingLeft": 10,
          }
        }
      >
        MyComponentFile.js:1
      </Text>
    </View>
    <LogBoxButton
      backgroundColor={
        Object {
          "default": "transparent",
          "pressed": "rgba(51, 51, 51, 1)",
        }
      }
      onPress={[Function]}
    >
      <Text
        style={
          Object {
            "color": "rgba(255, 255, 255, 0.7)",
            "fontSize": 12,
            "fontWeight": "300",
            "lineHeight": 20,
            "marginLeft": 25,
            "marginTop": 0,
            "paddingVertical": 5,
          }
        }
      >
        See -2 more components
      </Text>
    </LogBoxButton>
  </View>
</View>
`;

exports[`LogBoxInspectorReactFrames should render null for no componentStack frames 1`] = `null`;
