// Jest Snapshot v1, https://goo.gl/fbAQLP

exports[`TextInput tests should render as expected: should deep render when mocked (please verify output manually) 1`] = `
<RCTSinglelineTextInputView
  accessible={true}
  allowFontScaling={true}
  focusable={true}
  forwardedRef={null}
  mostRecentEventCount={0}
  onBlur={[Function]}
  onChange={[Function]}
  onChangeSync={null}
  onClick={[Function]}
  onFocus={[Function]}
  onResponderGrant={[Function]}
  onResponderMove={[Function]}
  onResponderRelease={[Function]}
  onResponderTerminate={[Function]}
  onResponderTerminationRequest={[Function]}
  onScroll={[Function]}
  onSelectionChange={[Function]}
  onSelectionChangeShouldSetResponder={[Function]}
  onStartShouldSetResponder={[Function]}
  rejectResponderTermination={true}
  selection={null}
  submitBehavior="blurAndSubmit"
  text=""
  underlineColorAndroid="transparent"
/>
`;

exports[`TextInput tests should render as expected: should deep render when not mocked (please verify output manually) 1`] = `
<RCTSinglelineTextInputView
  accessible={true}
  allowFontScaling={true}
  focusable={true}
  forwardedRef={null}
  mostRecentEventCount={0}
  onBlur={[Function]}
  onChange={[Function]}
  onChangeSync={null}
  onClick={[Function]}
  onFocus={[Function]}
  onResponderGrant={[Function]}
  onResponderMove={[Function]}
  onResponderRelease={[Function]}
  onResponderTerminate={[Function]}
  onResponderTerminationRequest={[Function]}
  onScroll={[Function]}
  onSelectionChange={[Function]}
  onSelectionChangeShouldSetResponder={[Function]}
  onStartShouldSetResponder={[Function]}
  rejectResponderTermination={true}
  selection={null}
  submitBehavior="blurAndSubmit"
  text=""
  underlineColorAndroid="transparent"
/>
`;

exports[`TextInput tests should render as expected: should shallow render as <TextInput /> when mocked 1`] = `<TextInput />`;

exports[`TextInput tests should render as expected: should shallow render as <TextInput /> when not mocked 1`] = `<TextInput />`;
