// Jest Snapshot v1, https://goo.gl/fbAQLP

exports[`TouchableWithoutFeedback renders correctly 1`] = `
<Text
  accessible={true}
  focusable={false}
  onClick={[Function]}
  onResponderGrant={[Function]}
  onResponderMove={[Function]}
  onResponderRelease={[Function]}
  onResponderTerminate={[Function]}
  onResponderTerminationRequest={[Function]}
  onStartShouldSetResponder={[Function]}
>
  Touchable
</Text>
`;
