// Jest Snapshot v1, https://goo.gl/fbAQLP

exports[`<ProgressViewIOS /> should render as expected: should deep render when mocked (please verify output manually) 1`] = `
<RCTProgressView
  progress={90}
  style={
    Array [
      Object {
        "height": 2,
      },
      undefined,
    ]
  }
/>
`;

exports[`<ProgressViewIOS /> should render as expected: should deep render when not mocked (please verify output manually) 1`] = `
<RCTProgressView
  progress={90}
  style={
    Array [
      Object {
        "height": 2,
      },
      undefined,
    ]
  }
/>
`;

exports[`<ProgressViewIOS /> should render as expected: should shallow render as <ProgressViewIOS /> when mocked 1`] = `
<ForwardRef(ProgressViewIOS)
  progress={90}
/>
`;

exports[`<ProgressViewIOS /> should render as expected: should shallow render as <ProgressViewIOS /> when not mocked 1`] = `
<ForwardRef(ProgressViewIOS)
  progress={90}
/>
`;
