// Jest Snapshot v1, https://goo.gl/fbAQLP

exports[`<SafeAreaView /> should render as <SafeAreaView> when mocked 1`] = `
<RCTSafeAreaView
  emulateUnlessSupported={true}
/>
`;

exports[`<SafeAreaView /> should render as <SafeAreaView> when not mocked 1`] = `
<RCTSafeAreaView
  emulateUnlessSupported={true}
/>
`;

exports[`<SafeAreaView /> should shallow render as <ForwardRef(SafeAreaView)> when mocked 1`] = `<ForwardRef(_SafeAreaView) />`;

exports[`<SafeAreaView /> should shallow render as <ForwardRef(SafeAreaView)> when not mocked 1`] = `<ForwardRef(_SafeAreaView) />`;
